Archive member included to satisfy reference by file (symbol)

C:\Users\82104\Documents\Atmel Studio\7.0\smartParcel_2nd_floor\practice10-22\ArduinoCore\Debug\libArduinoCore.a(HardwareSerial.o)
                              Sketch.o (_ZN14HardwareSerial5beginEmh)
C:\Users\82104\Documents\Atmel Studio\7.0\smartParcel_2nd_floor\practice10-22\ArduinoCore\Debug\libArduinoCore.a(HardwareSerial0.o)
                              Sketch.o (Serial)
C:\Users\82104\Documents\Atmel Studio\7.0\smartParcel_2nd_floor\practice10-22\ArduinoCore\Debug\libArduinoCore.a(main.o)
                              C:/Program Files (x86)/Atmel/Studio/7.0/Packs/atmel/ATmega_DFP/1.3.300/gcc/dev/atmega328p/avr5/crtatmega328p.o (main)
C:\Users\82104\Documents\Atmel Studio\7.0\smartParcel_2nd_floor\practice10-22\ArduinoCore\Debug\libArduinoCore.a(Print.o)
                              src/libraries/SoftwareSerial/src/SoftwareSerial.o (_ZN5Print5writeEPKhj)
C:\Users\82104\Documents\Atmel Studio\7.0\smartParcel_2nd_floor\practice10-22\ArduinoCore\Debug\libArduinoCore.a(Tone.o)
                              Sketch.o (_Z4tonehjm)
C:\Users\82104\Documents\Atmel Studio\7.0\smartParcel_2nd_floor\practice10-22\ArduinoCore\Debug\libArduinoCore.a(WInterrupts.o)
                              Sketch.o (attachInterrupt)
C:\Users\82104\Documents\Atmel Studio\7.0\smartParcel_2nd_floor\practice10-22\ArduinoCore\Debug\libArduinoCore.a(wiring.o)
                              src/libraries/Stepper/src/Stepper.o (micros)
C:\Users\82104\Documents\Atmel Studio\7.0\smartParcel_2nd_floor\practice10-22\ArduinoCore\Debug\libArduinoCore.a(wiring_analog.o)
                              Sketch.o (analogWrite)
C:\Users\82104\Documents\Atmel Studio\7.0\smartParcel_2nd_floor\practice10-22\ArduinoCore\Debug\libArduinoCore.a(wiring_digital.o)
                              Sketch.o (pinMode)
C:\Users\82104\Documents\Atmel Studio\7.0\smartParcel_2nd_floor\practice10-22\ArduinoCore\Debug\libArduinoCore.a(WMath.o)
                              src/libraries/Servo/src/avr/Servo.o (_Z3maplllll)
C:\Users\82104\Documents\Atmel Studio\7.0\smartParcel_2nd_floor\practice10-22\ArduinoCore\Debug\libArduinoCore.a(abi.o)
                              C:\Users\82104\Documents\Atmel Studio\7.0\smartParcel_2nd_floor\practice10-22\ArduinoCore\Debug\libArduinoCore.a(Print.o) (__cxa_pure_virtual)
C:\Users\82104\Documents\Atmel Studio\7.0\smartParcel_2nd_floor\practice10-22\ArduinoCore\Debug\libArduinoCore.a(hooks.o)
                              C:\Users\82104\Documents\Atmel Studio\7.0\smartParcel_2nd_floor\practice10-22\ArduinoCore\Debug\libArduinoCore.a(wiring.o) (yield)
c:/program files (x86)/atmel/studio/7.0/toolchain/avr8/avr8-gnu-toolchain/bin/../lib/gcc/avr/5.4.0/../../../../avr/lib/avr5\libm.a(addsf3.o)
                              C:\Users\82104\Documents\Atmel Studio\7.0\smartParcel_2nd_floor\practice10-22\ArduinoCore\Debug\libArduinoCore.a(Print.o) (__subsf3)
c:/program files (x86)/atmel/studio/7.0/toolchain/avr8/avr8-gnu-toolchain/bin/../lib/gcc/avr/5.4.0/../../../../avr/lib/avr5\libm.a(addsf3x.o)
                              c:/program files (x86)/atmel/studio/7.0/toolchain/avr8/avr8-gnu-toolchain/bin/../lib/gcc/avr/5.4.0/../../../../avr/lib/avr5\libm.a(addsf3.o) (__addsf3x)
c:/program files (x86)/atmel/studio/7.0/toolchain/avr8/avr8-gnu-toolchain/bin/../lib/gcc/avr/5.4.0/../../../../avr/lib/avr5\libm.a(cmpsf2.o)
                              C:\Users\82104\Documents\Atmel Studio\7.0\smartParcel_2nd_floor\practice10-22\ArduinoCore\Debug\libArduinoCore.a(Print.o) (__ltsf2)
c:/program files (x86)/atmel/studio/7.0/toolchain/avr8/avr8-gnu-toolchain/bin/../lib/gcc/avr/5.4.0/../../../../avr/lib/avr5\libm.a(divsf3.o)
                              C:\Users\82104\Documents\Atmel Studio\7.0\smartParcel_2nd_floor\practice10-22\ArduinoCore\Debug\libArduinoCore.a(Print.o) (__divsf3)
c:/program files (x86)/atmel/studio/7.0/toolchain/avr8/avr8-gnu-toolchain/bin/../lib/gcc/avr/5.4.0/../../../../avr/lib/avr5\libm.a(divsf3x.o)
                              c:/program files (x86)/atmel/studio/7.0/toolchain/avr8/avr8-gnu-toolchain/bin/../lib/gcc/avr/5.4.0/../../../../avr/lib/avr5\libm.a(divsf3.o) (__divsf3x)
c:/program files (x86)/atmel/studio/7.0/toolchain/avr8/avr8-gnu-toolchain/bin/../lib/gcc/avr/5.4.0/../../../../avr/lib/avr5\libm.a(fixunssfsi.o)
                              C:\Users\82104\Documents\Atmel Studio\7.0\smartParcel_2nd_floor\practice10-22\ArduinoCore\Debug\libArduinoCore.a(Print.o) (__fixunssfsi)
c:/program files (x86)/atmel/studio/7.0/toolchain/avr8/avr8-gnu-toolchain/bin/../lib/gcc/avr/5.4.0/../../../../avr/lib/avr5\libm.a(floatsisf.o)
                              C:\Users\82104\Documents\Atmel Studio\7.0\smartParcel_2nd_floor\practice10-22\ArduinoCore\Debug\libArduinoCore.a(Print.o) (__floatunsisf)
c:/program files (x86)/atmel/studio/7.0/toolchain/avr8/avr8-gnu-toolchain/bin/../lib/gcc/avr/5.4.0/../../../../avr/lib/avr5\libm.a(fp_cmp.o)
[...]
Memory Configuration

Name             Origin             Length             Attributes
text             0x00000000         0x00020000         xr
data             0x00800060         0x0000ffa0         rw !x
eeprom           0x00810000         0x00010000         rw !x
fuse             0x00820000         0x00000003         rw !x
lock             0x00830000         0x00000400         rw !x
signature        0x00840000         0x00000400         rw !x
user_signatures  0x00850000         0x00000400         rw !x
*default*        0x00000000         0xffffffff

Linker script and memory map

Address of section .data set to 0x800100
LOAD C:/Program Files (x86)/Atmel/Studio/7.0/Packs/atmel/ATmega_DFP/1.3.300/gcc/dev/atmega328p/avr5/crtatmega328p.o
LOAD Sketch.o
LOAD src/libraries/Servo/src/avr/Servo.o
LOAD src/libraries/Servo/src/mbed/Servo.o
LOAD src/libraries/Servo/src/megaavr/Servo.o
LOAD src/libraries/Servo/src/nrf52/Servo.o
LOAD src/libraries/Servo/src/samd/Servo.o
LOAD src/libraries/Servo/src/sam/Servo.o
LOAD src/libraries/Servo/src/stm32f4/Servo.o
LOAD src/libraries/SoftwareSerial/src/SoftwareSerial.o
LOAD src/libraries/Stepper/src/Stepper.o
START GROUP
LOAD c:/program files (x86)/atmel/studio/7.0/toolchain/avr8/avr8-gnu-toolchain/bin/../lib/gcc/avr/5.4.0/../../../../avr/lib/avr5\libm.a
LOAD C:\Users\82104\Documents\Atmel Studio\7.0\smartParcel_2nd_floor\practice10-22\ArduinoCore\Debug\libArduinoCore.a
END GROUP
LOAD c:/program files (x86)/atmel/studio/7.0/toolchain/avr8/avr8-gnu-toolchain/bin/../lib/gcc/avr/5.4.0/avr5\libgcc.a
LOAD c:/program files (x86)/atmel/studio/7.0/toolchain/avr8/avr8-gnu-toolchain/bin/../lib/gcc/avr/5.4.0/../../../../avr/lib/avr5\libm.a
START GROUP
LOAD c:/program files (x86)/atmel/studio/7.0/toolchain/avr8/avr8-gnu-toolchain/bin/../lib/gcc/avr/5.4.0/avr5\libgcc.a
LOAD c:/program files (x86)/atmel/studio/7.0/toolchain/avr8/avr8-gnu-toolchain/bin/../lib/gcc/avr/5.4.0/../../../../avr/lib/avr5\libm.a
LOAD c:/program files (x86)/atmel/studio/7.0/toolchain/avr8/avr8-gnu-toolchain/bin/../lib/gcc/avr/5.4.0/../../../../avr/lib/avr5\libc.a
LOAD C:/Program Files (x86)/Atmel/Studio/7.0/Packs/atmel/ATmega_DFP/1.3.300/gcc/dev/atmega328p/avr5\libatmega328p.a
END GROUP
                0x00000000                __TEXT_REGION_ORIGIN__ = DEFINED (__TEXT_REGION_ORIGIN__)?__TEXT_REGION_ORIGIN__:0x0
                0x00800060                __DATA_REGION_ORIGIN__ = DEFINED (__DATA_REGION_ORIGIN__)?__DATA_REGION_ORIGIN__:0x800060
                0x00020000                __TEXT_REGION_LENGTH__ = DEFINED (__TEXT_REGION_LENGTH__)?__TEXT_REGION_LENGTH__:0x20000
                0x0000ffa0                __DATA_REGION_LENGTH__ = DEFINED (__DATA_REGION_LENGTH__)?__DATA_REGION_LENGTH__:0xffa0
                0x00010000                __EEPROM_REGION_LENGTH__ = DEFINED (__EEPROM_REGION_LENGTH__)?__EEPROM_REGION_LENGTH__:0x10000
                [0x00000003]                __FUSE_REGION_LENGTH__ = DEFINED (__FUSE_REGION_LENGTH__)?__FUSE_REGION_LENGTH__:0x400
                0x00000400                __LOCK_REGION_LENGTH__ = DEFINED (__LOCK_REGION_LENGTH__)?__LOCK_REGION_LENGTH__:0x400
                0x00000400                __SIGNATURE_REGION_LENGTH__ = DEFINED (__SIGNATURE_REGION_LENGTH__)?__SIGNATURE_REGION_LENGTH__:0x400
                0x00000400                __USER_SIGNATURE_REGION_LENGTH__ = DEFINED (__USER_SIGNATURE_REGION_LENGTH__)?__USER_SIGNATURE_REGION_LENGTH__:0x400

.hash
 *(.hash)

.dynsym
 *(.dynsym)

.dynstr
 *(.dynstr)

.gnu.version
 *(.gnu.version)

.gnu.version_d
 *(.gnu.version_d)

.gnu.version_r
 *(.gnu.version_r)

.rel.init
 *(.rel.init)

.rela.init
 *(.rela.init)

.rel.text
 *(.rel.text)
 *(.rel.text.*)
 *(.rel.gnu.linkonce.t*)

.rela.text
 *(.rela.text)
 *(.rela.text.*)
 *(.rela.gnu.linkonce.t*)

.rel.fini
 *(.rel.fini)

.rela.fini
 *(.rela.fini)

.rel.rodata
 *(.rel.rodata)
 *(.rel.rodata.*)
 *(.rel.gnu.linkonce.r*)

.rela.rodata
 *(.rela.rodata)
 *(.rela.rodata.*)
 *(.rela.gnu.linkonce.r*)

.rel.data
 *(.rel.data)
 *(.rel.data.*)
 *(.rel.gnu.linkonce.d*)

.rela.data
 *(.rela.data)
 *(.rela.data.*)
 *(.rela.gnu.linkonce.d*)

.rel.ctors
 *(.rel.ctors)

.rela.ctors
 *(.rela.ctors)

.rel.dtors
 *(.rel.dtors)

.rela.dtors
 *(.rela.dtors)

.rel.got
 *(.rel.got)

.rela.got
 *(.rela.got)

.rel.bss
 *(.rel.bss)

.rela.bss
 *(.rela.bss)

.rel.plt
 *(.rel.plt)

.rela.plt
 *(.rela.plt)

.text           0x00000000     0x1ace
 *(.vectors)
 .vectors       0x00000000       0x68 C:/Program Files (x86)/Atmel/Studio/7.0/Packs/atmel/ATmega_DFP/1.3.300/gcc/dev/atmega328p/avr5/crtatmega328p.o
                0x00000000                __vector_default
                0x00000000                __vectors
 *(.vectors)
 *(.progmem.gcc*)
 .progmem.gcc_sw_table._ZN7Stepper9stepMotorEi
                0x00000068       0x14 src/libraries/Stepper/src/Stepper.o
                0x0000007c                . = ALIGN (0x2)
                0x0000007c                __trampolines_start = .
 *(.trampolines)
 .trampolines   0x0000007c        0x0 linker stubs
 *(.trampolines*)
                0x0000007c                __trampolines_end = .
 *libprintf_flt.a:*(.progmem.data)
 *libc.a:*(.progmem.data)
 *(.progmem*)
 .progmem.data._ZL21tone_pin_to_timer_PGM
                0x0000007c        0x1 C:\Users\82104\Documents\Atmel Studio\7.0\smartParcel_2nd_floor\practice10-22\ArduinoCore\Debug\libArduinoCore.a(Tone.o)
 .progmem.data.digital_pin_to_timer_PGM
                0x0000007d       0x14 C:\Users\82104\Documents\Atmel Studio\7.0\smartParcel_2nd_floor\practice10-22\ArduinoCore\Debug\libArduinoCore.a(wiring_digital.o)
                0x0000007d                digital_pin_to_timer_PGM
 .progmem.data.digital_pin_to_bit_mask_PGM
                0x00000091       0x14 C:\Users\82104\Documents\Atmel Studio\7.0\smartParcel_2nd_floor\practice10-22\ArduinoCore\Debug\libArduinoCore.a(wiring_digital.o)
                0x00000091                digital_pin_to_bit_mask_PGM
 .progmem.data.digital_pin_to_port_PGM
                0x000000a5       0x14 C:\Users\82104\Documents\Atmel Studio\7.0\smartParcel_2nd_floor\practice10-22\ArduinoCore\Debug\libArduinoCore.a(wiring_digital.o)
                0x000000a5                digital_pin_to_port_PGM
 .progmem.data.port_to_output_PGM
                0x000000b9        0xa C:\Users\82104\Documents\Atmel Studio\7.0\smartParcel_2nd_floor\practice10-22\ArduinoCore\Debug\libArduinoCore.a(wiring_digital.o)
                0x000000b9                port_to_output_PGM
 .progmem.data.port_to_mode_PGM
                0x000000c3        0xa C:\Users\82104\Documents\Atmel Studio\7.0\smartParcel_2nd_floor\practice10-22\ArduinoCore\Debug\libArduinoCore.a(wiring_digital.o)
                0x000000c3                port_to_mode_PGM
                0x000000ce                . = ALIGN (0x2)
 *fill*         0x000000cd        0x1 
 *(.jumptables)
 *(.jumptables*)
 *(.lowtext)
 *(.lowtext*)
                0x000000ce                __ctors_start = .
 *(.ctors)
 .ctors         0x000000ce        0x2 Sketch.o
 .ctors         0x000000d0        0x2 C:\Users\82104\Documents\Atmel Studio\7.0\smartParcel_2nd_floor\practice10-22\ArduinoCore\Debug\libArduinoCore.a(HardwareSerial0.o)
                0x000000d2                __ctors_end = .
                0x000000d2                __dtors_start = .
 *(.dtors)
                0x000000d2                __dtors_end = .
 SORT(*)(.ctors)
 SORT(*)(.dtors)
 *(.init0)
 .init0         0x000000d2        0x0 C:/Program Files (x86)/Atmel/Studio/7.0/Packs/atmel/ATmega_DFP/1.3.300/gcc/dev/atmega328p/avr5/crtatmega328p.o
                0x000000d2                __init
 *(.init0)
 *(.init1)
 *(.init1)
 *(.init2)
 .init2         0x000000d2        0xc C:/Program Files (x86)/Atmel/Studio/7.0/Packs/atmel/ATmega_DFP/1.3.300/gcc/dev/atmega328p/avr5/crtatmega328p.o
 *(.init2)
 *(.init3)
 *(.init3)
 *(.init4)
 .init4         0x000000de       0x16 c:/program files (x86)/atmel/studio/7.0/toolchain/avr8/avr8-gnu-toolchain/bin/../lib/gcc/avr/5.4.0/avr5\libgcc.a(_copy_data.o)
                0x000000de                __do_copy_data
 .init4         0x000000f4       0x10 c:/program files (x86)/atmel/studio/7.0/toolchain/avr8/avr8-gnu-toolchain/bin/../lib/gcc/avr/5.4.0/avr5\libgcc.a(_clear_bss.o)
                0x000000f4                __do_clear_bss
 *(.init4)
 *(.init5)
 *(.init5)
 *(.init6)
 .init6         0x00000104       0x16 c:/program files (x86)/atmel/studio/7.0/toolchain/avr8/avr8-gnu-toolchain/bin/../lib/gcc/avr/5.4.0/avr5\libgcc.a(_ctors.o)
                0x00000104                __do_global_ctors
 *(.init6)
 *(.init7)
 *(.init7)
 *(.init8)
 *(.init8)
 *(.init9)
 .init9         0x0000011a        0x8 C:/Program Files (x86)/Atmel/Studio/7.0/Packs/atmel/ATmega_DFP/1.3.300/gcc/dev/atmega328p/avr5/crtatmega328p.o
 *(.init9)
 *(.text)
 .text          0x00000122        0x4 C:/Program Files (x86)/Atmel/Studio/7.0/Packs/atmel/ATmega_DFP/1.3.300/gcc/dev/atmega328p/avr5/crtatmega328p.o
                0x00000122                __vector_22
                0x00000122                __vector_24
                0x00000122                __vector_12
                0x00000122                __bad_interrupt
                0x00000122                __vector_6
                0x00000122                __vector_23
                0x00000122                __vector_25
                0x00000122                __vector_13
                0x00000122                __vector_17
                0x00000122                __vector_9
                0x00000122                __vector_21
                0x00000122                __vector_15
                0x00000122                __vector_8
                0x00000122                __vector_14
                0x00000122                __vector_10
                0x00000122                __vector_20
                0x00000126                . = ALIGN (0x2)
 *(.text.*)
 .text._Z7landingv
                0x00000126        0xe Sketch.o
                0x00000126                _Z7landingv
 .text._Z9emergencyv
                0x00000134        0xe Sketch.o
                0x00000134                _Z9emergencyv
 .text._Z6setREDv
                0x00000142       0x20 Sketch.o
                0x00000142                _Z6setREDv
 .text._Z8setGREENv
                0x00000162       0x20 Sketch.o
                0x00000162                _Z8setGREENv
 .text._Z10landObjectv
                0x00000182       0x20 Sketch.o
                0x00000182                _Z10landObjectv
 .text._Z11playOneClapii
                0x000001a2       0x36 Sketch.o
                0x000001a2                _Z11playOneClapii
 .text._Z9playMusicv
                0x000001d8      0x1c8 Sketch.o
                0x000001d8                _Z9playMusicv
 .text.setup    0x000003a0       0x46 Sketch.o
                0x000003a0                setup
 .text.loop     0x000003e6       0x6c Sketch.o
                0x000003e6                loop
 .text.startup._GLOBAL__sub_I_dou
                0x00000452       0x30 Sketch.o
 .text.__vector_11
                0x00000482      0x182 src/libraries/Servo/src/avr/Servo.o
                0x00000482                __vector_11
 .text.__vector_3
                0x00000604       0xf4 src/libraries/SoftwareSerial/src/SoftwareSerial.o
                0x00000604                __vector_5
                0x00000604                __vector_4
                0x00000604                __vector_3
 .text._ZN7StepperC2Eiiiii
                0x000006f8       0x6c src/libraries/Stepper/src/Stepper.o
                0x000006f8                _ZN7StepperC2Eiiiii
                0x000006f8                _ZN7StepperC1Eiiiii
 .text._ZN7Stepper8setSpeedEl
                0x00000764       0x4c src/libraries/Stepper/src/Stepper.o
                0x00000764                _ZN7Stepper8setSpeedEl
 .text._ZN7Stepper9stepMotorEi
                0x000007b0      0x1c0 src/libraries/Stepper/src/Stepper.o
                0x000007b0                _ZN7Stepper9stepMotorEi
 .text._ZN7Stepper4stepEi
                0x00000970      0x110 src/libraries/Stepper/src/Stepper.o
                0x00000970                _ZN7Stepper4stepEi
 .text._ZN14HardwareSerial9availableEv
                0x00000a80       0x18 C:\Users\82104\Documents\Atmel Studio\7.0\smartParcel_2nd_floor\practice10-22\ArduinoCore\Debug\libArduinoCore.a(HardwareSerial.o)
                0x00000a80                _ZN14HardwareSerial9availableEv
 .text._ZN14HardwareSerial4peekEv
                0x00000a98       0x1c C:\Users\82104\Documents\Atmel Studio\7.0\smartParcel_2nd_floor\practice10-22\ArduinoCore\Debug\libArduinoCore.a(HardwareSerial.o)
                0x00000a98                _ZN14HardwareSerial4peekEv
 .text._ZN14HardwareSerial4readEv
                0x00000ab4       0x28 C:\Users\82104\Documents\Atmel Studio\7.0\smartParcel_2nd_floor\practice10-22\ArduinoCore\Debug\libArduinoCore.a(HardwareSerial.o)
                0x00000ab4                _ZN14HardwareSerial4readEv
 .text._ZN14HardwareSerial17availableForWriteEv
                0x00000adc       0x1e C:\Users\82104\Documents\Atmel Studio\7.0\smartParcel_2nd_floor\practice10-22\ArduinoCore\Debug\libArduinoCore.a(HardwareSerial.o)
                0x00000adc                _ZN14HardwareSerial17availableForWriteEv
 .text._Z14serialEventRunv
                0x00000afa       0x1c C:\Users\82104\Documents\Atmel Studio\7.0\smartParcel_2nd_floor\practice10-22\ArduinoCore\Debug\libArduinoCore.a(HardwareSerial.o)
                0x00000afa                _Z14serialEventRunv
 .text._ZN14HardwareSerial17_tx_udr_empty_irqEv
                0x00000b16       0x44 C:\Users\82104\Documents\Atmel Studio\7.0\smartParcel_2nd_floor\practice10-22\ArduinoCore\Debug\libArduinoCore.a(HardwareSerial.o)
                0x00000b16                _ZN14HardwareSerial17_tx_udr_empty_irqEv
 .text._ZN14HardwareSerial5writeEh
                0x00000b5a       0x9a C:\Users\82104\Documents\Atmel Studio\7.0\smartParcel_2nd_floor\practice10-22\ArduinoCore\Debug\libArduinoCore.a(HardwareSerial.o)
                0x00000b5a                _ZN14HardwareSerial5writeEh
 .text._ZN14HardwareSerial5flushEv
                0x00000bf4       0x44 C:\Users\82104\Documents\Atmel Studio\7.0\smartParcel_2nd_floor\practice10-22\ArduinoCore\Debug\libArduinoCore.a(HardwareSerial.o)
                0x00000bf4                _ZN14HardwareSerial5flushEv
 .text._ZN14HardwareSerial5beginEmh
                0x00000c38       0xca C:\Users\82104\Documents\Atmel Studio\7.0\smartParcel_2nd_floor\practice10-22\ArduinoCore\Debug\libArduinoCore.a(HardwareSerial.o)
                0x00000c38                _ZN14HardwareSerial5beginEmh
 .text.__vector_18
                0x00000d02       0x64 C:\Users\82104\Documents\Atmel Studio\7.0\smartParcel_2nd_floor\practice10-22\ArduinoCore\Debug\libArduinoCore.a(HardwareSerial0.o)
                0x00000d02                __vector_18
 .text.__vector_19
                0x00000d66       0x4c C:\Users\82104\Documents\Atmel Studio\7.0\smartParcel_2nd_floor\practice10-22\ArduinoCore\Debug\libArduinoCore.a(HardwareSerial0.o)
                0x00000d66                __vector_19
 .text._Z17Serial0_availablev
                0x00000db2       0x14 C:\Users\82104\Documents\Atmel Studio\7.0\smartParcel_2nd_floor\practice10-22\ArduinoCore\Debug\libArduinoCore.a(HardwareSerial0.o)
                0x00000db2                _Z17Serial0_availablev
 .text.startup._GLOBAL__sub_I___vector_18
                0x00000dc6       0x5a C:\Users\82104\Documents\Atmel Studio\7.0\smartParcel_2nd_floor\practice10-22\ArduinoCore\Debug\libArduinoCore.a(HardwareSerial0.o)
 .text.initVariant
                0x00000e20        0x2 C:\Users\82104\Documents\Atmel Studio\7.0\smartParcel_2nd_floor\practice10-22\ArduinoCore\Debug\libArduinoCore.a(main.o)
                0x00000e20                initVariant
 .text.startup.main
                0x00000e22       0x1e C:\Users\82104\Documents\Atmel Studio\7.0\smartParcel_2nd_floor\practice10-22\ArduinoCore\Debug\libArduinoCore.a(main.o)
                0x00000e22                main
 .text._ZN5Print5writeEPKhj
                0x00000e40       0x54 C:\Users\82104\Documents\Atmel Studio\7.0\smartParcel_2nd_floor\practice10-22\ArduinoCore\Debug\libArduinoCore.a(Print.o)
                0x00000e40                _ZN5Print5writeEPKhj
 .text._ZN5Print5writeEPKc
                0x00000e94       0x2a C:\Users\82104\Documents\Atmel Studio\7.0\smartParcel_2nd_floor\practice10-22\ArduinoCore\Debug\libArduinoCore.a(Print.o)
                0x00000e94                _ZN5Print5writeEPKc
 .text._ZN5Print7printlnEv
                0x00000ebe        0x8 C:\Users\82104\Documents\Atmel Studio\7.0\smartParcel_2nd_floor\practice10-22\ArduinoCore\Debug\libArduinoCore.a(Print.o)
                0x00000ebe                _ZN5Print7printlnEv
 .text._ZN5Print7printlnEPKc
                0x00000ec6       0x24 C:\Users\82104\Documents\Atmel Studio\7.0\smartParcel_2nd_floor\practice10-22\ArduinoCore\Debug\libArduinoCore.a(Print.o)
                0x00000ec6                _ZN5Print7printlnEPKc
 .text._Z4tonehjm
                0x00000eea      0x504 C:\Users\82104\Documents\Atmel Studio\7.0\smartParcel_2nd_floor\practice10-22\ArduinoCore\Debug\libArduinoCore.a(Tone.o)
                0x00000eea                _Z4tonehjm
 .text._Z12disableTimerh
                0x000013ee       0x40 C:\Users\82104\Documents\Atmel Studio\7.0\smartParcel_2nd_floor\practice10-22\ArduinoCore\Debug\libArduinoCore.a(Tone.o)
                0x000013ee                _Z12disableTimerh
 .text._Z6noToneh
                0x0000142e       0x2a C:\Users\82104\Documents\Atmel Studio\7.0\smartParcel_2nd_floor\practice10-22\ArduinoCore\Debug\libArduinoCore.a(Tone.o)
                0x0000142e                _Z6noToneh
 .text.__vector_7
                0x00001458       0xb8 C:\Users\82104\Documents\Atmel Studio\7.0\smartParcel_2nd_floor\practice10-22\ArduinoCore\Debug\libArduinoCore.a(Tone.o)
                0x00001458                __vector_7
 .text.nothing  0x00001510        0x2 C:\Users\82104\Documents\Atmel Studio\7.0\smartParcel_2nd_floor\practice10-22\ArduinoCore\Debug\libArduinoCore.a(WInterrupts.o)
 .text.attachInterrupt
                0x00001512       0x40 C:\Users\82104\Documents\Atmel Studio\7.0\smartParcel_2nd_floor\practice10-22\ArduinoCore\Debug\libArduinoCore.a(WInterrupts.o)
                0x00001512                attachInterrupt
 .text.__vector_1
                0x00001552       0x4e C:\Users\82104\Documents\Atmel Studio\7.0\smartParcel_2nd_floor\practice10-22\ArduinoCore\Debug\libArduinoCore.a(WInterrupts.o)
                0x00001552                __vector_1
 .text.__vector_2
                0x000015a0       0x4e C:\Users\82104\Documents\Atmel Studio\7.0\smartParcel_2nd_floor\practice10-22\ArduinoCore\Debug\libArduinoCore.a(WInterrupts.o)
                0x000015a0                __vector_2
 .text.__vector_16
                0x000015ee       0x94 C:\Users\82104\Documents\Atmel Studio\7.0\smartParcel_2nd_floor\practice10-22\ArduinoCore\Debug\libArduinoCore.a(wiring.o)
                0x000015ee                __vector_16
 .text.micros   0x00001682       0x4a C:\Users\82104\Documents\Atmel Studio\7.0\smartParcel_2nd_floor\practice10-22\ArduinoCore\Debug\libArduinoCore.a(wiring.o)
                0x00001682                micros
 .text.delay    0x000016cc       0x78 C:\Users\82104\Documents\Atmel Studio\7.0\smartParcel_2nd_floor\practice10-22\ArduinoCore\Debug\libArduinoCore.a(wiring.o)
                0x000016cc                delay
 .text.delayMicroseconds
                0x00001744       0x16 C:\Users\82104\Documents\Atmel Studio\7.0\smartParcel_2nd_floor\practice10-22\ArduinoCore\Debug\libArduinoCore.a(wiring.o)
                0x00001744                delayMicroseconds
 .text.init     0x0000175a       0x76 C:\Users\82104\Documents\Atmel Studio\7.0\smartParcel_2nd_floor\practice10-22\ArduinoCore\Debug\libArduinoCore.a(wiring.o)
                0x0000175a                init
 .text.analogWrite
                0x000017d0       0xbe C:\Users\82104\Documents\Atmel Studio\7.0\smartParcel_2nd_floor\practice10-22\ArduinoCore\Debug\libArduinoCore.a(wiring_analog.o)
                0x000017d0                analogWrite
 .text.turnOffPWM
                0x0000188e       0x52 C:\Users\82104\Documents\Atmel Studio\7.0\smartParcel_2nd_floor\practice10-22\ArduinoCore\Debug\libArduinoCore.a(wiring_digital.o)
 .text.pinMode  0x000018e0       0x78 C:\Users\82104\Documents\Atmel Studio\7.0\smartParcel_2nd_floor\practice10-22\ArduinoCore\Debug\libArduinoCore.a(wiring_digital.o)
                0x000018e0                pinMode
 .text.digitalWrite
                0x00001958       0x5e C:\Users\82104\Documents\Atmel Studio\7.0\smartParcel_2nd_floor\practice10-22\ArduinoCore\Debug\libArduinoCore.a(wiring_digital.o)
                0x00001958                digitalWrite
 .text.__empty  0x000019b6        0x2 C:\Users\82104\Documents\Atmel Studio\7.0\smartParcel_2nd_floor\practice10-22\ArduinoCore\Debug\libArduinoCore.a(hooks.o)
                0x000019b6                yield
 .text.libgcc.div
                0x000019b8       0x28 c:/program files (x86)/atmel/studio/7.0/toolchain/avr8/avr8-gnu-toolchain/bin/../lib/gcc/avr/5.4.0/avr5\libgcc.a(_divmodhi4.o)
                0x000019b8                _div
                0x000019b8                __divmodhi4
 .text.libgcc.div
                0x000019e0       0x44 c:/program files (x86)/atmel/studio/7.0/toolchain/avr8/avr8-gnu-toolchain/bin/../lib/gcc/avr/5.4.0/avr5\libgcc.a(_udivmodsi4.o)
                0x000019e0                __udivmodsi4
 .text.libgcc.div
                0x00001a24       0x2e c:/program files (x86)/atmel/studio/7.0/toolchain/avr8/avr8-gnu-toolchain/bin/../lib/gcc/avr/5.4.0/avr5\libgcc.a(_divmodsi4.o)
                0x00001a24                __divmodsi4
 .text.libgcc.div
                0x00001a52       0x10 c:/program files (x86)/atmel/studio/7.0/toolchain/avr8/avr8-gnu-toolchain/bin/../lib/gcc/avr/5.4.0/avr5\libgcc.a(_negsi2.o)
                0x00001a52                __negsi2
 .text.libgcc   0x00001a62        0xc c:/program files (x86)/atmel/studio/7.0/toolchain/avr8/avr8-gnu-toolchain/bin/../lib/gcc/avr/5.4.0/avr5\libgcc.a(_tablejump2.o)
                0x00001a62                __tablejump2__
 .text.libgcc.mul
                0x00001a6e       0x16 c:/program files (x86)/atmel/studio/7.0/toolchain/avr8/avr8-gnu-toolchain/bin/../lib/gcc/avr/5.4.0/avr5\libgcc.a(_muluhisi3.o)
                0x00001a6e                __muluhisi3
 .text.libgcc.div
                0x00001a84       0x28 c:/program files (x86)/atmel/studio/7.0/toolchain/avr8/avr8-gnu-toolchain/bin/../lib/gcc/avr/5.4.0/avr5\libgcc.a(_udivmodhi4.o)
                0x00001a84                __udivmodhi4
 .text.libgcc.mul
                0x00001aac       0x1e c:/program files (x86)/atmel/studio/7.0/toolchain/avr8/avr8-gnu-toolchain/bin/../lib/gcc/avr/5.4.0/avr5\libgcc.a(_umulhisi3.o)
                0x00001aac                __umulhisi3
                0x00001aca                . = ALIGN (0x2)
 *(.fini9)
 .fini9         0x00001aca        0x0 c:/program files (x86)/atmel/studio/7.0/toolchain/avr8/avr8-gnu-toolchain/bin/../lib/gcc/avr/5.4.0/avr5\libgcc.a(_exit.o)
                0x00001aca                _exit
                0x00001aca                exit
 *(.fini9)
 *(.fini8)
 *(.fini8)
 *(.fini7)
 *(.fini7)
 *(.fini6)
 *(.fini6)
 *(.fini5)
 *(.fini5)
 *(.fini4)
 *(.fini4)
 *(.fini3)
 *(.fini3)
 *(.fini2)
 *(.fini2)
 *(.fini1)
 *(.fini1)
 *(.fini0)
 .fini0         0x00001aca        0x4 c:/program files (x86)/atmel/studio/7.0/toolchain/avr8/avr8-gnu-toolchain/bin/../lib/gcc/avr/5.4.0/avr5\libgcc.a(_exit.o)
 *(.fini0)
                0x00001ace                _etext = .

.data           0x00800100       0x38 load address 0x00001ace
                0x00800100                PROVIDE (__data_start, .)
 *(.data)
 *(.data*)
 .data.ra       0x00800100        0x2 Sketch.o
                0x00800100                ra
 .data.sol      0x00800102        0x2 Sketch.o
                0x00800102                sol
 .data.fa       0x00800104        0x2 Sketch.o
                0x00800104                fa
 .data.mi       0x00800106        0x2 Sketch.o
                0x00800106                mi
 .data._ZL9tone_pins
                0x00800108        0x1 C:\Users\82104\Documents\Atmel Studio\7.0\smartParcel_2nd_floor\practice10-22\ArduinoCore\Debug\libArduinoCore.a(Tone.o)
 .data.intFunc  0x00800109        0x4 C:\Users\82104\Documents\Atmel Studio\7.0\smartParcel_2nd_floor\practice10-22\ArduinoCore\Debug\libArduinoCore.a(WInterrupts.o)
 *(.gnu.linkonce.d*)
 *(.rodata)
 *(.rodata*)
 .rodata.str1.1
                0x0080010d        0xa Sketch.o
 .rodata._ZTV14HardwareSerial
                0x00800117       0x12 C:\Users\82104\Documents\Atmel Studio\7.0\smartParcel_2nd_floor\practice10-22\ArduinoCore\Debug\libArduinoCore.a(HardwareSerial.o)
                0x00800117                _ZTV14HardwareSerial
 .rodata.str1.1
                0x00800129        0xf C:\Users\82104\Documents\Atmel Studio\7.0\smartParcel_2nd_floor\practice10-22\ArduinoCore\Debug\libArduinoCore.a(Print.o)
 *(.gnu.linkonce.r*)
                0x00800138                . = ALIGN (0x2)
                0x00800138                _edata = .
                0x00800138                PROVIDE (__data_end, .)

.bss            0x00800138      0x143
                0x00800138                PROVIDE (__bss_start, .)
 *(.bss)
 *(.bss*)
 .bss.myStepper
                0x00800138       0x1a Sketch.o
                0x00800138                myStepper
 .bss.emergencyFlag
                0x00800152        0x2 Sketch.o
                0x00800152                emergencyFlag
 .bss.landingFlag
                0x00800154        0x2 Sketch.o
                0x00800154                landingFlag
 .bss.ServoCount
                0x00800156        0x1 src/libraries/Servo/src/avr/Servo.o
                0x00800156                ServoCount
 .bss._ZL7Channel
                0x00800157        0x1 src/libraries/Servo/src/avr/Servo.o
 .bss._ZL6servos
                0x00800158       0x24 src/libraries/Servo/src/avr/Servo.o
 .bss._ZN14SoftwareSerial20_receive_buffer_headE
                0x0080017c        0x1 src/libraries/SoftwareSerial/src/SoftwareSerial.o
                0x0080017c                _ZN14SoftwareSerial20_receive_buffer_headE
 .bss._ZN14SoftwareSerial20_receive_buffer_tailE
                0x0080017d        0x1 src/libraries/SoftwareSerial/src/SoftwareSerial.o
                0x0080017d                _ZN14SoftwareSerial20_receive_buffer_tailE
 .bss._ZN14SoftwareSerial15_receive_bufferE
                0x0080017e       0x40 src/libraries/SoftwareSerial/src/SoftwareSerial.o
                0x0080017e                _ZN14SoftwareSerial15_receive_bufferE
 .bss._ZN14SoftwareSerial13active_objectE
                0x008001be        0x2 src/libraries/SoftwareSerial/src/SoftwareSerial.o
                0x008001be                _ZN14SoftwareSerial13active_objectE
 .bss.Serial    0x008001c0       0x9d C:\Users\82104\Documents\Atmel Studio\7.0\smartParcel_2nd_floor\practice10-22\ArduinoCore\Debug\libArduinoCore.a(HardwareSerial0.o)
                0x008001c0                Serial
 .bss.timer2_pin_mask
                0x0080025d        0x1 C:\Users\82104\Documents\Atmel Studio\7.0\smartParcel_2nd_floor\practice10-22\ArduinoCore\Debug\libArduinoCore.a(Tone.o)
                0x0080025d                timer2_pin_mask
 .bss.timer2_pin_port
                0x0080025e        0x2 C:\Users\82104\Documents\Atmel Studio\7.0\smartParcel_2nd_floor\practice10-22\ArduinoCore\Debug\libArduinoCore.a(Tone.o)
                0x0080025e                timer2_pin_port
 .bss.timer2_toggle_count
                0x00800260        0x4 C:\Users\82104\Documents\Atmel Studio\7.0\smartParcel_2nd_floor\practice10-22\ArduinoCore\Debug\libArduinoCore.a(Tone.o)
                0x00800260                timer2_toggle_count
 .bss.timer1_pin_mask
                0x00800264        0x1 C:\Users\82104\Documents\Atmel Studio\7.0\smartParcel_2nd_floor\practice10-22\ArduinoCore\Debug\libArduinoCore.a(Tone.o)
                0x00800264                timer1_pin_mask
 .bss.timer1_pin_port
                0x00800265        0x2 C:\Users\82104\Documents\Atmel Studio\7.0\smartParcel_2nd_floor\practice10-22\ArduinoCore\Debug\libArduinoCore.a(Tone.o)
                0x00800265                timer1_pin_port
 .bss.timer1_toggle_count
                0x00800267        0x4 C:\Users\82104\Documents\Atmel Studio\7.0\smartParcel_2nd_floor\practice10-22\ArduinoCore\Debug\libArduinoCore.a(Tone.o)
                0x00800267                timer1_toggle_count
 .bss.timer0_pin_mask
                0x0080026b        0x1 C:\Users\82104\Documents\Atmel Studio\7.0\smartParcel_2nd_floor\practice10-22\ArduinoCore\Debug\libArduinoCore.a(Tone.o)
                0x0080026b                timer0_pin_mask
 .bss.timer0_pin_port
                0x0080026c        0x2 C:\Users\82104\Documents\Atmel Studio\7.0\smartParcel_2nd_floor\practice10-22\ArduinoCore\Debug\libArduinoCore.a(Tone.o)
                0x0080026c                timer0_pin_port
 .bss.timer0_toggle_count
                0x0080026e        0x4 C:\Users\82104\Documents\Atmel Studio\7.0\smartParcel_2nd_floor\practice10-22\ArduinoCore\Debug\libArduinoCore.a(Tone.o)
                0x0080026e                timer0_toggle_count
 .bss.timer0_fract
                0x00800272        0x1 C:\Users\82104\Documents\Atmel Studio\7.0\smartParcel_2nd_floor\practice10-22\ArduinoCore\Debug\libArduinoCore.a(wiring.o)
 .bss.timer0_millis
                0x00800273        0x4 C:\Users\82104\Documents\Atmel Studio\7.0\smartParcel_2nd_floor\practice10-22\ArduinoCore\Debug\libArduinoCore.a(wiring.o)
                0x00800273                timer0_millis
 .bss.timer0_overflow_count
                0x00800277        0x4 C:\Users\82104\Documents\Atmel Studio\7.0\smartParcel_2nd_floor\practice10-22\ArduinoCore\Debug\libArduinoCore.a(wiring.o)
                0x00800277                timer0_overflow_count
 *(COMMON)
                0x0080027b                PROVIDE (__bss_end, .)
                0x00001ace                __data_load_start = LOADADDR (.data)
                0x00001b06                __data_load_end = (__data_load_start + SIZEOF (.data))

.noinit         0x0080027b        0x0
                [!provide]                PROVIDE (__noinit_start, .)
 *(.noinit*)
                [!provide]                PROVIDE (__noinit_end, .)
                0x0080027b                _end = .
                [!provide]                PROVIDE (__heap_start, .)

.eeprom         0x00810000        0x0
 *(.eeprom*)
                0x00810000                __eeprom_end = .

.fuse
 *(.fuse)
 *(.lfuse)
 *(.hfuse)
 *(.efuse)

.lock
 *(.lock*)

.signature
 *(.signature*)

.user_signatures
 *(.user_signatures*)

.stab
 *(.stab)

.stabstr
 *(.stabstr)

.stab.excl
 *(.stab.excl)

.stab.exclstr
 *(.stab.exclstr)

.stab.index
 *(.stab.index)

.stab.indexstr
 *(.stab.indexstr)

.comment        0x00000000       0x30
 *(.comment)
 .comment       0x00000000       0x30 Sketch.o
                                 0x31 (size before relaxing)
 .comment       0x00000030       0x31 src/libraries/Servo/src/avr/Servo.o
 .comment       0x00000030       0x31 src/libraries/SoftwareSerial/src/SoftwareSerial.o
 .comment       0x00000030       0x31 src/libraries/Stepper/src/Stepper.o
 .comment       0x00000030       0x31 C:\Users\82104\Documents\Atmel Studio\7.0\smartParcel_2nd_floor\practice10-22\ArduinoCore\Debug\libArduinoCore.a(HardwareSerial.o)
 .comment       0x00000030       0x31 C:\Users\82104\Documents\Atmel Studio\7.0\smartParcel_2nd_floor\practice10-22\ArduinoCore\Debug\libArduinoCore.a(HardwareSerial0.o)
 .comment       0x00000030       0x31 C:\Users\82104\Documents\Atmel Studio\7.0\smartParcel_2nd_floor\practice10-22\ArduinoCore\Debug\libArduinoCore.a(main.o)
 .comment       0x00000030       0x31 C:\Users\82104\Documents\Atmel Studio\7.0\smartParcel_2nd_floor\practice10-22\ArduinoCore\Debug\libArduinoCore.a(Print.o)
 .comment       0x00000030       0x31 C:\Users\82104\Documents\Atmel Studio\7.0\smartParcel_2nd_floor\practice10-22\ArduinoCore\Debug\libArduinoCore.a(Tone.o)
 .comment       0x00000030       0x31 C:\Users\82104\Documents\Atmel Studio\7.0\smartParcel_2nd_floor\practice10-22\ArduinoCore\Debug\libArduinoCore.a(WInterrupts.o)
 .comment       0x00000030       0x31 C:\Users\82104\Documents\Atmel Studio\7.0\smartParcel_2nd_floor\practice10-22\ArduinoCore\Debug\libArduinoCore.a(wiring.o)
 .comment       0x00000030       0x31 C:\Users\82104\Documents\Atmel Studio\7.0\smartParcel_2nd_floor\practice10-22\ArduinoCore\Debug\libArduinoCore.a(wiring_analog.o)
 .comment       0x00000030       0x31 C:\Users\82104\Documents\Atmel Studio\7.0\smartParcel_2nd_floor\practice10-22\ArduinoCore\Debug\libArduinoCore.a(wiring_digital.o)
 .comment       0x00000030       0x31 C:\Users\82104\Documents\Atmel Studio\7.0\smartParcel_2nd_floor\practice10-22\ArduinoCore\Debug\libArduinoCore.a(hooks.o)

.note.gnu.avr.deviceinfo
                0x00000000       0x40
 .note.gnu.avr.deviceinfo
                0x00000000       0x40 C:/Program Files (x86)/Atmel/Studio/7.0/Packs/atmel/ATmega_DFP/1.3.300/gcc/dev/atmega328p/avr5/crtatmega328p.o

.note.gnu.build-id
 *(.note.gnu.build-id)

.debug
 *(.debug)

.line
 *(.line)

.debug_srcinfo
 *(.debug_srcinfo)

.debug_sfnames
 *(.debug_sfnames)

.debug_aranges  0x00000000      0x4f0
 *(.debug_aranges)
 .debug_aranges
                0x00000000       0x68 Sketch.o
 .debug_aranges
                0x00000068       0x68 src/libraries/Servo/src/avr/Servo.o
 .debug_aranges
                0x000000d0       0xa8 src/libraries/SoftwareSerial/src/SoftwareSerial.o
 .debug_aranges
                0x00000178       0x50 src/libraries/Stepper/src/Stepper.o
 .debug_aranges
                0x000001c8       0x68 C:\Users\82104\Documents\Atmel Studio\7.0\smartParcel_2nd_floor\practice10-22\ArduinoCore\Debug\libArduinoCore.a(HardwareSerial.o)
 .debug_aranges
                0x00000230       0x48 C:\Users\82104\Documents\Atmel Studio\7.0\smartParcel_2nd_floor\practice10-22\ArduinoCore\Debug\libArduinoCore.a(HardwareSerial0.o)
 .debug_aranges
                0x00000278       0x30 C:\Users\82104\Documents\Atmel Studio\7.0\smartParcel_2nd_floor\practice10-22\ArduinoCore\Debug\libArduinoCore.a(main.o)
 .debug_aranges
                0x000002a8      0x100 C:\Users\82104\Documents\Atmel Studio\7.0\smartParcel_2nd_floor\practice10-22\ArduinoCore\Debug\libArduinoCore.a(Print.o)
 .debug_aranges
                0x000003a8       0x38 C:\Users\82104\Documents\Atmel Studio\7.0\smartParcel_2nd_floor\practice10-22\ArduinoCore\Debug\libArduinoCore.a(Tone.o)
 .debug_aranges
                0x000003e0       0x40 C:\Users\82104\Documents\Atmel Studio\7.0\smartParcel_2nd_floor\practice10-22\ArduinoCore\Debug\libArduinoCore.a(WInterrupts.o)
 .debug_aranges
                0x00000420       0x48 C:\Users\82104\Documents\Atmel Studio\7.0\smartParcel_2nd_floor\practice10-22\ArduinoCore\Debug\libArduinoCore.a(wiring.o)
 .debug_aranges
                0x00000468       0x30 C:\Users\82104\Documents\Atmel Studio\7.0\smartParcel_2nd_floor\practice10-22\ArduinoCore\Debug\libArduinoCore.a(wiring_analog.o)
 .debug_aranges
                0x00000498       0x38 C:\Users\82104\Documents\Atmel Studio\7.0\smartParcel_2nd_floor\practice10-22\ArduinoCore\Debug\libArduinoCore.a(wiring_digital.o)
 .debug_aranges
                0x000004d0       0x20 C:\Users\82104\Documents\Atmel Studio\7.0\smartParcel_2nd_floor\practice10-22\ArduinoCore\Debug\libArduinoCore.a(hooks.o)

.debug_pubnames
 *(.debug_pubnames)

.debug_info     0x00000000     0xc95d
 *(.debug_info .gnu.linkonce.wi.*)
 .debug_info    0x00000000      0x5f4 C:/Program Files (x86)/Atmel/Studio/7.0/Packs/atmel/ATmega_DFP/1.3.300/gcc/dev/atmega328p/avr5/crtatmega328p.o
 .debug_info    0x000005f4      0xd9e Sketch.o
 .debug_info    0x00001392      0x8d6 src/libraries/Servo/src/avr/Servo.o
 .debug_info    0x00001c68     0x28fd src/libraries/SoftwareSerial/src/SoftwareSerial.o
 .debug_info    0x00004565      0x90d src/libraries/Stepper/src/Stepper.o
 .debug_info    0x00004e72     0x1f64 C:\Users\82104\Documents\Atmel Studio\7.0\smartParcel_2nd_floor\practice10-22\ArduinoCore\Debug\libArduinoCore.a(HardwareSerial.o)
 .debug_info    0x00006dd6     0x1b16 C:\Users\82104\Documents\Atmel Studio\7.0\smartParcel_2nd_floor\practice10-22\ArduinoCore\Debug\libArduinoCore.a(HardwareSerial0.o)
 .debug_info    0x000088ec      0x237 C:\Users\82104\Documents\Atmel Studio\7.0\smartParcel_2nd_floor\practice10-22\ArduinoCore\Debug\libArduinoCore.a(main.o)
 .debug_info    0x00008b23     0x28ff C:\Users\82104\Documents\Atmel Studio\7.0\smartParcel_2nd_floor\practice10-22\ArduinoCore\Debug\libArduinoCore.a(Print.o)
 .debug_info    0x0000b422      0x7ab C:\Users\82104\Documents\Atmel Studio\7.0\smartParcel_2nd_floor\practice10-22\ArduinoCore\Debug\libArduinoCore.a(Tone.o)
 .debug_info    0x0000bbcd      0x21c C:\Users\82104\Documents\Atmel Studio\7.0\smartParcel_2nd_floor\practice10-22\ArduinoCore\Debug\libArduinoCore.a(WInterrupts.o)
 .debug_info    0x0000bde9      0x2cb C:\Users\82104\Documents\Atmel Studio\7.0\smartParcel_2nd_floor\practice10-22\ArduinoCore\Debug\libArduinoCore.a(wiring.o)
 .debug_info    0x0000c0b4      0x26d C:\Users\82104\Documents\Atmel Studio\7.0\smartParcel_2nd_floor\practice10-22\ArduinoCore\Debug\libArduinoCore.a(wiring_analog.o)
 .debug_info    0x0000c321      0x5fe C:\Users\82104\Documents\Atmel Studio\7.0\smartParcel_2nd_floor\practice10-22\ArduinoCore\Debug\libArduinoCore.a(wiring_digital.o)
 .debug_info    0x0000c91f       0x3e C:\Users\82104\Documents\Atmel Studio\7.0\smartParcel_2nd_floor\practice10-22\ArduinoCore\Debug\libArduinoCore.a(hooks.o)

.debug_abbrev   0x00000000     0x2a04
 *(.debug_abbrev)
 .debug_abbrev  0x00000000      0x5a2 C:/Program Files (x86)/Atmel/Studio/7.0/Packs/atmel/ATmega_DFP/1.3.300/gcc/dev/atmega328p/avr5/crtatmega328p.o
 .debug_abbrev  0x000005a2      0x2ad Sketch.o
 .debug_abbrev  0x0000084f      0x386 src/libraries/Servo/src/avr/Servo.o
 .debug_abbrev  0x00000bd5      0x60b src/libraries/SoftwareSerial/src/SoftwareSerial.o
 .debug_abbrev  0x000011e0      0x221 src/libraries/Stepper/src/Stepper.o
 .debug_abbrev  0x00001401      0x4b7 C:\Users\82104\Documents\Atmel Studio\7.0\smartParcel_2nd_floor\practice10-22\ArduinoCore\Debug\libArduinoCore.a(HardwareSerial.o)
 .debug_abbrev  0x000018b8      0x3ce C:\Users\82104\Documents\Atmel Studio\7.0\smartParcel_2nd_floor\practice10-22\ArduinoCore\Debug\libArduinoCore.a(HardwareSerial0.o)
 .debug_abbrev  0x00001c86      0x12d C:\Users\82104\Documents\Atmel Studio\7.0\smartParcel_2nd_floor\practice10-22\ArduinoCore\Debug\libArduinoCore.a(main.o)
 .debug_abbrev  0x00001db3      0x47a C:\Users\82104\Documents\Atmel Studio\7.0\smartParcel_2nd_floor\practice10-22\ArduinoCore\Debug\libArduinoCore.a(Print.o)
 .debug_abbrev  0x0000222d      0x2a5 C:\Users\82104\Documents\Atmel Studio\7.0\smartParcel_2nd_floor\practice10-22\ArduinoCore\Debug\libArduinoCore.a(Tone.o)
 .debug_abbrev  0x000024d2       0xfc C:\Users\82104\Documents\Atmel Studio\7.0\smartParcel_2nd_floor\practice10-22\ArduinoCore\Debug\libArduinoCore.a(WInterrupts.o)
 .debug_abbrev  0x000025ce      0x146 C:\Users\82104\Documents\Atmel Studio\7.0\smartParcel_2nd_floor\practice10-22\ArduinoCore\Debug\libArduinoCore.a(wiring.o)
 .debug_abbrev  0x00002714      0x16b C:\Users\82104\Documents\Atmel Studio\7.0\smartParcel_2nd_floor\practice10-22\ArduinoCore\Debug\libArduinoCore.a(wiring_analog.o)
 .debug_abbrev  0x0000287f      0x15b C:\Users\82104\Documents\Atmel Studio\7.0\smartParcel_2nd_floor\practice10-22\ArduinoCore\Debug\libArduinoCore.a(wiring_digital.o)
 .debug_abbrev  0x000029da       0x2a C:\Users\82104\Documents\Atmel Studio\7.0\smartParcel_2nd_floor\practice10-22\ArduinoCore\Debug\libArduinoCore.a(hooks.o)

.debug_line     0x00000000     0x31ce
 *(.debug_line .debug_line.* .debug_line_end)
 .debug_line    0x00000000      0x133 C:/Program Files (x86)/Atmel/Studio/7.0/Packs/atmel/ATmega_DFP/1.3.300/gcc/dev/atmega328p/avr5/crtatmega328p.o
 .debug_line    0x00000133      0x40c Sketch.o
 .debug_line    0x0000053f      0x3a4 src/libraries/Servo/src/avr/Servo.o
 .debug_line    0x000008e3      0x7f9 src/libraries/SoftwareSerial/src/SoftwareSerial.o
 .debug_line    0x000010dc      0x4e3 src/libraries/Stepper/src/Stepper.o
 .debug_line    0x000015bf      0x4c4 C:\Users\82104\Documents\Atmel Studio\7.0\smartParcel_2nd_floor\practice10-22\ArduinoCore\Debug\libArduinoCore.a(HardwareSerial.o)
 .debug_line    0x00001a83      0x28c C:\Users\82104\Documents\Atmel Studio\7.0\smartParcel_2nd_floor\practice10-22\ArduinoCore\Debug\libArduinoCore.a(HardwareSerial0.o)
 .debug_line    0x00001d0f      0x165 C:\Users\82104\Documents\Atmel Studio\7.0\smartParcel_2nd_floor\practice10-22\ArduinoCore\Debug\libArduinoCore.a(main.o)
 .debug_line    0x00001e74      0x685 C:\Users\82104\Documents\Atmel Studio\7.0\smartParcel_2nd_floor\practice10-22\ArduinoCore\Debug\libArduinoCore.a(Print.o)
 .debug_line    0x000024f9      0x3f8 C:\Users\82104\Documents\Atmel Studio\7.0\smartParcel_2nd_floor\practice10-22\ArduinoCore\Debug\libArduinoCore.a(Tone.o)
 .debug_line    0x000028f1      0x1a2 C:\Users\82104\Documents\Atmel Studio\7.0\smartParcel_2nd_floor\practice10-22\ArduinoCore\Debug\libArduinoCore.a(WInterrupts.o)
 .debug_line    0x00002a93      0x299 C:\Users\82104\Documents\Atmel Studio\7.0\smartParcel_2nd_floor\practice10-22\ArduinoCore\Debug\libArduinoCore.a(wiring.o)
 .debug_line    0x00002d2c      0x20f C:\Users\82104\Documents\Atmel Studio\7.0\smartParcel_2nd_floor\practice10-22\ArduinoCore\Debug\libArduinoCore.a(wiring_analog.o)
 .debug_line    0x00002f3b      0x252 C:\Users\82104\Documents\Atmel Studio\7.0\smartParcel_2nd_floor\practice10-22\ArduinoCore\Debug\libArduinoCore.a(wiring_digital.o)
 .debug_line    0x0000318d       0x41 C:\Users\82104\Documents\Atmel Studio\7.0\smartParcel_2nd_floor\practice10-22\ArduinoCore\Debug\libArduinoCore.a(hooks.o)

.debug_frame    0x00000000      0xf4c
 *(.debug_frame)
 .debug_frame   0x00000000       0xd4 Sketch.o
 .debug_frame   0x000000d4      0x1b0 src/libraries/Servo/src/avr/Servo.o
 .debug_frame   0x00000284      0x1d4 src/libraries/SoftwareSerial/src/SoftwareSerial.o
 .debug_frame   0x00000458      0x15c src/libraries/Stepper/src/Stepper.o
 .debug_frame   0x000005b4      0x110 C:\Users\82104\Documents\Atmel Studio\7.0\smartParcel_2nd_floor\practice10-22\ArduinoCore\Debug\libArduinoCore.a(HardwareSerial.o)
 .debug_frame   0x000006c4       0xe0 C:\Users\82104\Documents\Atmel Studio\7.0\smartParcel_2nd_floor\practice10-22\ArduinoCore\Debug\libArduinoCore.a(HardwareSerial0.o)
 .debug_frame   0x000007a4       0x54 C:\Users\82104\Documents\Atmel Studio\7.0\smartParcel_2nd_floor\practice10-22\ArduinoCore\Debug\libArduinoCore.a(main.o)
 .debug_frame   0x000007f8      0x3ac C:\Users\82104\Documents\Atmel Studio\7.0\smartParcel_2nd_floor\practice10-22\ArduinoCore\Debug\libArduinoCore.a(Print.o)
 .debug_frame   0x00000ba4       0xfc C:\Users\82104\Documents\Atmel Studio\7.0\smartParcel_2nd_floor\practice10-22\ArduinoCore\Debug\libArduinoCore.a(Tone.o)
 .debug_frame   0x00000ca0       0xf4 C:\Users\82104\Documents\Atmel Studio\7.0\smartParcel_2nd_floor\practice10-22\ArduinoCore\Debug\libArduinoCore.a(WInterrupts.o)
 .debug_frame   0x00000d94       0xc4 C:\Users\82104\Documents\Atmel Studio\7.0\smartParcel_2nd_floor\practice10-22\ArduinoCore\Debug\libArduinoCore.a(wiring.o)
 .debug_frame   0x00000e58       0x54 C:\Users\82104\Documents\Atmel Studio\7.0\smartParcel_2nd_floor\practice10-22\ArduinoCore\Debug\libArduinoCore.a(wiring_analog.o)
 .debug_frame   0x00000eac       0x7c C:\Users\82104\Documents\Atmel Studio\7.0\smartParcel_2nd_floor\practice10-22\ArduinoCore\Debug\libArduinoCore.a(wiring_digital.o)
 .debug_frame   0x00000f28       0x24 C:\Users\82104\Documents\Atmel Studio\7.0\smartParcel_2nd_floor\practice10-22\ArduinoCore\Debug\libArduinoCore.a(hooks.o)

.debug_str      0x00000000     0x2cca
 *(.debug_str)
 .debug_str     0x00000000      0x208 C:/Program Files (x86)/Atmel/Studio/7.0/Packs/atmel/ATmega_DFP/1.3.300/gcc/dev/atmega328p/avr5/crtatmega328p.o
 .debug_str     0x00000208      0x5be Sketch.o
                                0x61e (size before relaxing)
 .debug_str     0x000007c6      0x290 src/libraries/Servo/src/avr/Servo.o
                                0x4db (size before relaxing)
 .debug_str     0x00000a56     0x15e7 src/libraries/SoftwareSerial/src/SoftwareSerial.o
                               0x1932 (size before relaxing)
 .debug_str     0x0000203d       0xe8 src/libraries/Stepper/src/Stepper.o
                                0x438 (size before relaxing)
 .debug_str     0x00002125      0x3f4 C:\Users\82104\Documents\Atmel Studio\7.0\smartParcel_2nd_floor\practice10-22\ArduinoCore\Debug\libArduinoCore.a(HardwareSerial.o)
                               0x1618 (size before relaxing)
 .debug_str     0x00002519       0x47 C:\Users\82104\Documents\Atmel Studio\7.0\smartParcel_2nd_floor\practice10-22\ArduinoCore\Debug\libArduinoCore.a(HardwareSerial0.o)
                               0x140b (size before relaxing)
 .debug_str     0x00002560       0x37 C:\Users\82104\Documents\Atmel Studio\7.0\smartParcel_2nd_floor\practice10-22\ArduinoCore\Debug\libArduinoCore.a(main.o)
                                0x2b7 (size before relaxing)
 .debug_str     0x00002597      0x391 C:\Users\82104\Documents\Atmel Studio\7.0\smartParcel_2nd_floor\practice10-22\ArduinoCore\Debug\libArduinoCore.a(Print.o)
                               0x1245 (size before relaxing)
 .debug_str     0x00002928      0x132 C:\Users\82104\Documents\Atmel Studio\7.0\smartParcel_2nd_floor\practice10-22\ArduinoCore\Debug\libArduinoCore.a(Tone.o)
                                0x43e (size before relaxing)
 .debug_str     0x00002a5a      0x14b C:\Users\82104\Documents\Atmel Studio\7.0\smartParcel_2nd_floor\practice10-22\ArduinoCore\Debug\libArduinoCore.a(WInterrupts.o)
                                0x23a (size before relaxing)
 .debug_str     0x00002ba5       0x5e C:\Users\82104\Documents\Atmel Studio\7.0\smartParcel_2nd_floor\practice10-22\ArduinoCore\Debug\libArduinoCore.a(wiring.o)
                                0x24d (size before relaxing)
 .debug_str     0x00002c03       0x66 C:\Users\82104\Documents\Atmel Studio\7.0\smartParcel_2nd_floor\practice10-22\ArduinoCore\Debug\libArduinoCore.a(wiring_analog.o)
                                0x251 (size before relaxing)
 .debug_str     0x00002c69       0x45 C:\Users\82104\Documents\Atmel Studio\7.0\smartParcel_2nd_floor\practice10-22\ArduinoCore\Debug\libArduinoCore.a(wiring_digital.o)
                                0x2b2 (size before relaxing)
 .debug_str     0x00002cae       0x1c C:\Users\82104\Documents\Atmel Studio\7.0\smartParcel_2nd_floor\practice10-22\ArduinoCore\Debug\libArduinoCore.a(hooks.o)
                                0x142 (size before relaxing)

.debug_loc      0x00000000     0x550b
 *(.debug_loc)
 .debug_loc     0x00000000      0x123 Sketch.o
 .debug_loc     0x00000123      0x75c src/libraries/Servo/src/avr/Servo.o
 .debug_loc     0x0000087f      0xc96 src/libraries/SoftwareSerial/src/SoftwareSerial.o
 .debug_loc     0x00001515      0x728 src/libraries/Stepper/src/Stepper.o
 .debug_loc     0x00001c3d      0x4dc C:\Users\82104\Documents\Atmel Studio\7.0\smartParcel_2nd_floor\practice10-22\ArduinoCore\Debug\libArduinoCore.a(HardwareSerial.o)
 .debug_loc     0x00002119      0x1b0 C:\Users\82104\Documents\Atmel Studio\7.0\smartParcel_2nd_floor\practice10-22\ArduinoCore\Debug\libArduinoCore.a(HardwareSerial0.o)
 .debug_loc     0x000022c9     0x1c87 C:\Users\82104\Documents\Atmel Studio\7.0\smartParcel_2nd_floor\practice10-22\ArduinoCore\Debug\libArduinoCore.a(Print.o)
 .debug_loc     0x00003f50      0x9ff C:\Users\82104\Documents\Atmel Studio\7.0\smartParcel_2nd_floor\practice10-22\ArduinoCore\Debug\libArduinoCore.a(Tone.o)
 .debug_loc     0x0000494f      0x235 C:\Users\82104\Documents\Atmel Studio\7.0\smartParcel_2nd_floor\practice10-22\ArduinoCore\Debug\libArduinoCore.a(WInterrupts.o)
 .debug_loc     0x00004b84      0x28d C:\Users\82104\Documents\Atmel Studio\7.0\smartParcel_2nd_floor\practice10-22\ArduinoCore\Debug\libArduinoCore.a(wiring.o)
 .debug_loc     0x00004e11       0xfe C:\Users\82104\Documents\Atmel Studio\7.0\smartParcel_2nd_floor\practice10-22\ArduinoCore\Debug\libArduinoCore.a(wiring_analog.o)
 .debug_loc     0x00004f0f      0x5fc C:\Users\82104\Documents\Atmel Studio\7.0\smartParcel_2nd_floor\practice10-22\ArduinoCore\Debug\libArduinoCore.a(wiring_digital.o)

.debug_macinfo
 *(.debug_macinfo)

.debug_weaknames
 *(.debug_weaknames)

.debug_funcnames
 *(.debug_funcnames)

.debug_typenames
 *(.debug_typenames)

.debug_varnames
 *(.debug_varnames)

.debug_pubtypes
 *(.debug_pubtypes)

.debug_ranges   0x00000000      0x4e8
 *(.debug_ranges)
 .debug_ranges  0x00000000       0x58 Sketch.o
 .debug_ranges  0x00000058       0x70 src/libraries/Servo/src/avr/Servo.o
 .debug_ranges  0x000000c8       0xe0 src/libraries/SoftwareSerial/src/SoftwareSerial.o
 .debug_ranges  0x000001a8       0x58 src/libraries/Stepper/src/Stepper.o
 .debug_ranges  0x00000200       0x58 C:\Users\82104\Documents\Atmel Studio\7.0\smartParcel_2nd_floor\practice10-22\ArduinoCore\Debug\libArduinoCore.a(HardwareSerial.o)
 .debug_ranges  0x00000258       0x38 C:\Users\82104\Documents\Atmel Studio\7.0\smartParcel_2nd_floor\practice10-22\ArduinoCore\Debug\libArduinoCore.a(HardwareSerial0.o)
 .debug_ranges  0x00000290       0x20 C:\Users\82104\Documents\Atmel Studio\7.0\smartParcel_2nd_floor\practice10-22\ArduinoCore\Debug\libArduinoCore.a(main.o)
 .debug_ranges  0x000002b0      0x120 C:\Users\82104\Documents\Atmel Studio\7.0\smartParcel_2nd_floor\practice10-22\ArduinoCore\Debug\libArduinoCore.a(Print.o)
 .debug_ranges  0x000003d0       0x58 C:\Users\82104\Documents\Atmel Studio\7.0\smartParcel_2nd_floor\practice10-22\ArduinoCore\Debug\libArduinoCore.a(Tone.o)
 .debug_ranges  0x00000428       0x30 C:\Users\82104\Documents\Atmel Studio\7.0\smartParcel_2nd_floor\practice10-22\ArduinoCore\Debug\libArduinoCore.a(WInterrupts.o)
 .debug_ranges  0x00000458       0x38 C:\Users\82104\Documents\Atmel Studio\7.0\smartParcel_2nd_floor\practice10-22\ArduinoCore\Debug\libArduinoCore.a(wiring.o)
 .debug_ranges  0x00000490       0x20 C:\Users\82104\Documents\Atmel Studio\7.0\smartParcel_2nd_floor\practice10-22\ArduinoCore\Debug\libArduinoCore.a(wiring_analog.o)
 .debug_ranges  0x000004b0       0x28 C:\Users\82104\Documents\Atmel Studio\7.0\smartParcel_2nd_floor\practice10-22\ArduinoCore\Debug\libArduinoCore.a(wiring_digital.o)
 .debug_ranges  0x000004d8       0x10 C:\Users\82104\Documents\Atmel Studio\7.0\smartParcel_2nd_floor\practice10-22\ArduinoCore\Debug\libArduinoCore.a(hooks.o)

.debug_macro
 *(.debug_macro)
OUTPUT(void.elf elf32-avr)
LOAD linker stubs
